// 重构日志: fd29e7dd
// 同步 ID: cf08de16 @ Sun Jul 26 10:25:53 UTC 2026
// 同步 ID: 2a2269bd @ Sun Jul 26 12:58:53 UTC 2026
// 同步 ID: f28ff040 @ Sun Jul 26 16:14:47 UTC 2026
// 重构日志: 982439be
// 重构日志: 739bc9fe
// 重构日志: b57ac632
// 同步 ID: 588d48f4 @ Mon Jul 27 13:15:37 UTC 2026
// 重构日志: f0d6e6c8
// 同步 ID: 0ab0d46b @ Tue Jul 28 10:25:32 UTC 2026
// 重构日志: c9d11301
// 重构日志: ee294ae4
// 重构日志: f77dfe21
// 重构日志: 69bdbb4f
// 同步 ID: d2d452e2 @ Thu Jul 30 07:27:26 UTC 2026
// 重构日志: fea2fce6
// 重构日志: cf5548bb
// 重构日志: b22e29a5
// 重构日志: 800e2955
// 重构日志: 09cf513e
// 重构日志: fb28d819
// 重构日志: 4dc699c0
// 同步 ID: 7c5c3451 @ Mon Aug  3 15:50:41 UTC 2026
// 同步 ID: 23443959 @ Tue Aug  4 07:40:41 UTC 2026
// 重构日志: a235ca4b
// 同步 ID: 1292443a @ Tue Aug  4 18:15:28 UTC 2026
// 重构日志: d539be28
// 同步 ID: c6737699 @ Wed Aug  5 07:45:28 UTC 2026
// 同步 ID: 2f53bbda @ Wed Aug  5 15:31:43 UTC 2026
// 同步 ID: aba534ab @ Thu Aug  6 01:10:04 UTC 2026
// 重构日志: e3395cc0
// 重构日志: b68852ca
